// Vitest Snapshot v1, https://vitest.dev/guide/snapshot.html

exports[`variant destructive-primary > renders the variant correctly 1`] = `[Function]`;

exports[`variant destructive-primary > renders the variant correctly 2`] = `
CSSStyleDeclaration {
  "0": "font",
  "1": "text-rendering",
  "10": "align-items",
  "11": "cursor",
  "12": "color",
  "13": "padding",
  "14": "border",
  "15": "background-color",
  "16": "box-sizing",
  "17": "border-style",
  "18": "visibility",
  "19": "pointer-events",
  "2": "letter-spacing",
  "20": "border-block-start-color",
  "21": "border-block-end-color",
  "22": "border-inline-start-color",
  "23": "border-inline-end-color",
  "24": "border-top-color",
  "25": "border-right-color",
  "26": "border-bottom-color",
  "27": "border-left-color",
  "28": "caret-color",
  "3": "word-spacing",
  "4": "line-height",
  "5": "text-transform",
  "6": "text-indent",
  "7": "text-shadow",
  "8": "display",
  "9": "text-align",
  "_importants": {
    "align-items": "",
    "background-color": undefined,
    "border": "",
    "border-block-end-color": undefined,
    "border-block-start-color": undefined,
    "border-bottom-color": undefined,
    "border-inline-end-color": undefined,
    "border-inline-start-color": undefined,
    "border-left-color": undefined,
    "border-right-color": undefined,
    "border-style": "",
    "border-top-color": undefined,
    "box-sizing": "",
    "caret-color": undefined,
    "color": undefined,
    "cursor": "",
    "display": "",
    "font": "",
    "letter-spacing": "",
    "line-height": "",
    "outline-color": undefined,
    "padding": "",
    "pointer-events": undefined,
    "text-align": "",
    "text-indent": "",
    "text-rendering": "",
    "text-shadow": "",
    "text-transform": "",
    "visibility": undefined,
    "word-spacing": "",
  },
  "_length": 29,
  "_onChange": undefined,
  "_setInProgress": false,
  "_values": {
    "align-items": "flex-start",
    "background-color": "ButtonFace",
    "border": "2px outset buttonface",
    "border-block-end-color": "ButtonText",
    "border-block-start-color": "ButtonText",
    "border-bottom": "2px outset buttonface",
    "border-bottom-color": "buttonface",
    "border-bottom-style": "inset",
    "border-bottom-width": "2px",
    "border-color": "buttonface",
    "border-inline-end-color": "ButtonText",
    "border-inline-start-color": "ButtonText",
    "border-left": "2px outset buttonface",
    "border-left-color": "buttonface",
    "border-left-style": "inset",
    "border-left-width": "2px",
    "border-right": "2px outset buttonface",
    "border-right-color": "buttonface",
    "border-right-style": "inset",
    "border-right-width": "2px",
    "border-style": "inset",
    "border-top": "2px outset buttonface",
    "border-top-color": "buttonface",
    "border-top-style": "inset",
    "border-top-width": "2px",
    "border-width": "2px",
    "box-sizing": "border-box",
    "caret-color": "auto",
    "color": "ButtonText",
    "cursor": "default",
    "display": "inline-block",
    "font": "-webkit-small-control",
    "font-family": "-webkit-small-control",
    "letter-spacing": "normal",
    "line-height": "normal",
    "padding": "2px 6px 3px 6px",
    "padding-bottom": "3px",
    "padding-left": "6px",
    "padding-right": "6px",
    "padding-top": "2px",
    "pointer-events": "auto",
    "text-align": "center",
    "text-indent": "0",
    "text-rendering": "auto",
    "text-shadow": "none",
    "text-transform": "none",
    "visibility": "visible",
    "word-spacing": "normal",
  },
}
`;

exports[`variant destructive-secondary > renders the variant correctly 1`] = `[Function]`;

exports[`variant destructive-secondary > renders the variant correctly 2`] = `
CSSStyleDeclaration {
  "0": "font",
  "1": "text-rendering",
  "10": "align-items",
  "11": "cursor",
  "12": "color",
  "13": "padding",
  "14": "border",
  "15": "background-color",
  "16": "box-sizing",
  "17": "border-style",
  "18": "visibility",
  "19": "pointer-events",
  "2": "letter-spacing",
  "20": "border-block-start-color",
  "21": "border-block-end-color",
  "22": "border-inline-start-color",
  "23": "border-inline-end-color",
  "24": "border-top-color",
  "25": "border-right-color",
  "26": "border-bottom-color",
  "27": "border-left-color",
  "28": "caret-color",
  "3": "word-spacing",
  "4": "line-height",
  "5": "text-transform",
  "6": "text-indent",
  "7": "text-shadow",
  "8": "display",
  "9": "text-align",
  "_importants": {
    "align-items": "",
    "background-color": undefined,
    "border": "",
    "border-block-end-color": undefined,
    "border-block-start-color": undefined,
    "border-bottom-color": undefined,
    "border-inline-end-color": undefined,
    "border-inline-start-color": undefined,
    "border-left-color": undefined,
    "border-right-color": undefined,
    "border-style": "",
    "border-top-color": undefined,
    "box-sizing": "",
    "caret-color": undefined,
    "color": undefined,
    "cursor": "",
    "display": "",
    "font": "",
    "letter-spacing": "",
    "line-height": "",
    "outline-color": undefined,
    "padding": "",
    "pointer-events": undefined,
    "text-align": "",
    "text-indent": "",
    "text-rendering": "",
    "text-shadow": "",
    "text-transform": "",
    "visibility": undefined,
    "word-spacing": "",
  },
  "_length": 29,
  "_onChange": undefined,
  "_setInProgress": false,
  "_values": {
    "align-items": "flex-start",
    "background-color": "ButtonFace",
    "border": "2px outset buttonface",
    "border-block-end-color": "ButtonText",
    "border-block-start-color": "ButtonText",
    "border-bottom": "2px outset buttonface",
    "border-bottom-color": "buttonface",
    "border-bottom-style": "inset",
    "border-bottom-width": "2px",
    "border-color": "buttonface",
    "border-inline-end-color": "ButtonText",
    "border-inline-start-color": "ButtonText",
    "border-left": "2px outset buttonface",
    "border-left-color": "buttonface",
    "border-left-style": "inset",
    "border-left-width": "2px",
    "border-right": "2px outset buttonface",
    "border-right-color": "buttonface",
    "border-right-style": "inset",
    "border-right-width": "2px",
    "border-style": "inset",
    "border-top": "2px outset buttonface",
    "border-top-color": "buttonface",
    "border-top-style": "inset",
    "border-top-width": "2px",
    "border-width": "2px",
    "box-sizing": "border-box",
    "caret-color": "auto",
    "color": "ButtonText",
    "cursor": "default",
    "display": "inline-block",
    "font": "-webkit-small-control",
    "font-family": "-webkit-small-control",
    "letter-spacing": "normal",
    "line-height": "normal",
    "padding": "2px 6px 3px 6px",
    "padding-bottom": "3px",
    "padding-left": "6px",
    "padding-right": "6px",
    "padding-top": "2px",
    "pointer-events": "auto",
    "text-align": "center",
    "text-indent": "0",
    "text-rendering": "auto",
    "text-shadow": "none",
    "text-transform": "none",
    "visibility": "visible",
    "word-spacing": "normal",
  },
}
`;

exports[`variant destructive-tertiary > renders the variant correctly 1`] = `[Function]`;

exports[`variant destructive-tertiary > renders the variant correctly 2`] = `
CSSStyleDeclaration {
  "0": "font",
  "1": "text-rendering",
  "10": "align-items",
  "11": "cursor",
  "12": "color",
  "13": "padding",
  "14": "border",
  "15": "background-color",
  "16": "box-sizing",
  "17": "border-style",
  "18": "visibility",
  "19": "pointer-events",
  "2": "letter-spacing",
  "20": "border-block-start-color",
  "21": "border-block-end-color",
  "22": "border-inline-start-color",
  "23": "border-inline-end-color",
  "24": "border-top-color",
  "25": "border-right-color",
  "26": "border-bottom-color",
  "27": "border-left-color",
  "28": "caret-color",
  "3": "word-spacing",
  "4": "line-height",
  "5": "text-transform",
  "6": "text-indent",
  "7": "text-shadow",
  "8": "display",
  "9": "text-align",
  "_importants": {
    "align-items": "",
    "background-color": undefined,
    "border": "",
    "border-block-end-color": undefined,
    "border-block-start-color": undefined,
    "border-bottom-color": undefined,
    "border-inline-end-color": undefined,
    "border-inline-start-color": undefined,
    "border-left-color": undefined,
    "border-right-color": undefined,
    "border-style": "",
    "border-top-color": undefined,
    "box-sizing": "",
    "caret-color": undefined,
    "color": undefined,
    "cursor": "",
    "display": "",
    "font": "",
    "letter-spacing": "",
    "line-height": "",
    "outline-color": undefined,
    "padding": "",
    "pointer-events": undefined,
    "text-align": "",
    "text-indent": "",
    "text-rendering": "",
    "text-shadow": "",
    "text-transform": "",
    "visibility": undefined,
    "word-spacing": "",
  },
  "_length": 29,
  "_onChange": undefined,
  "_setInProgress": false,
  "_values": {
    "align-items": "flex-start",
    "background-color": "ButtonFace",
    "border": "2px outset buttonface",
    "border-block-end-color": "ButtonText",
    "border-block-start-color": "ButtonText",
    "border-bottom": "2px outset buttonface",
    "border-bottom-color": "buttonface",
    "border-bottom-style": "inset",
    "border-bottom-width": "2px",
    "border-color": "buttonface",
    "border-inline-end-color": "ButtonText",
    "border-inline-start-color": "ButtonText",
    "border-left": "2px outset buttonface",
    "border-left-color": "buttonface",
    "border-left-style": "inset",
    "border-left-width": "2px",
    "border-right": "2px outset buttonface",
    "border-right-color": "buttonface",
    "border-right-style": "inset",
    "border-right-width": "2px",
    "border-style": "inset",
    "border-top": "2px outset buttonface",
    "border-top-color": "buttonface",
    "border-top-style": "inset",
    "border-top-width": "2px",
    "border-width": "2px",
    "box-sizing": "border-box",
    "caret-color": "auto",
    "color": "ButtonText",
    "cursor": "default",
    "display": "inline-block",
    "font": "-webkit-small-control",
    "font-family": "-webkit-small-control",
    "letter-spacing": "normal",
    "line-height": "normal",
    "padding": "2px 6px 3px 6px",
    "padding-bottom": "3px",
    "padding-left": "6px",
    "padding-right": "6px",
    "padding-top": "2px",
    "pointer-events": "auto",
    "text-align": "center",
    "text-indent": "0",
    "text-rendering": "auto",
    "text-shadow": "none",
    "text-transform": "none",
    "visibility": "visible",
    "word-spacing": "normal",
  },
}
`;

exports[`variant primary > renders the variant correctly 1`] = `[Function]`;

exports[`variant primary > renders the variant correctly 2`] = `
CSSStyleDeclaration {
  "0": "font",
  "1": "text-rendering",
  "10": "align-items",
  "11": "cursor",
  "12": "color",
  "13": "padding",
  "14": "border",
  "15": "background-color",
  "16": "box-sizing",
  "17": "border-style",
  "18": "visibility",
  "19": "pointer-events",
  "2": "letter-spacing",
  "20": "border-block-start-color",
  "21": "border-block-end-color",
  "22": "border-inline-start-color",
  "23": "border-inline-end-color",
  "24": "border-top-color",
  "25": "border-right-color",
  "26": "border-bottom-color",
  "27": "border-left-color",
  "28": "caret-color",
  "3": "word-spacing",
  "4": "line-height",
  "5": "text-transform",
  "6": "text-indent",
  "7": "text-shadow",
  "8": "display",
  "9": "text-align",
  "_importants": {
    "align-items": "",
    "background-color": undefined,
    "border": "",
    "border-block-end-color": undefined,
    "border-block-start-color": undefined,
    "border-bottom-color": undefined,
    "border-inline-end-color": undefined,
    "border-inline-start-color": undefined,
    "border-left-color": undefined,
    "border-right-color": undefined,
    "border-style": "",
    "border-top-color": undefined,
    "box-sizing": "",
    "caret-color": undefined,
    "color": undefined,
    "cursor": "",
    "display": "",
    "font": "",
    "letter-spacing": "",
    "line-height": "",
    "outline-color": undefined,
    "padding": "",
    "pointer-events": undefined,
    "text-align": "",
    "text-indent": "",
    "text-rendering": "",
    "text-shadow": "",
    "text-transform": "",
    "visibility": undefined,
    "word-spacing": "",
  },
  "_length": 29,
  "_onChange": undefined,
  "_setInProgress": false,
  "_values": {
    "align-items": "flex-start",
    "background-color": "ButtonFace",
    "border": "2px outset buttonface",
    "border-block-end-color": "ButtonText",
    "border-block-start-color": "ButtonText",
    "border-bottom": "2px outset buttonface",
    "border-bottom-color": "buttonface",
    "border-bottom-style": "inset",
    "border-bottom-width": "2px",
    "border-color": "buttonface",
    "border-inline-end-color": "ButtonText",
    "border-inline-start-color": "ButtonText",
    "border-left": "2px outset buttonface",
    "border-left-color": "buttonface",
    "border-left-style": "inset",
    "border-left-width": "2px",
    "border-right": "2px outset buttonface",
    "border-right-color": "buttonface",
    "border-right-style": "inset",
    "border-right-width": "2px",
    "border-style": "inset",
    "border-top": "2px outset buttonface",
    "border-top-color": "buttonface",
    "border-top-style": "inset",
    "border-top-width": "2px",
    "border-width": "2px",
    "box-sizing": "border-box",
    "caret-color": "auto",
    "color": "ButtonText",
    "cursor": "default",
    "display": "inline-block",
    "font": "-webkit-small-control",
    "font-family": "-webkit-small-control",
    "letter-spacing": "normal",
    "line-height": "normal",
    "padding": "2px 6px 3px 6px",
    "padding-bottom": "3px",
    "padding-left": "6px",
    "padding-right": "6px",
    "padding-top": "2px",
    "pointer-events": "auto",
    "text-align": "center",
    "text-indent": "0",
    "text-rendering": "auto",
    "text-shadow": "none",
    "text-transform": "none",
    "visibility": "visible",
    "word-spacing": "normal",
  },
}
`;

exports[`variant secondary-color > renders the variant correctly 1`] = `[Function]`;

exports[`variant secondary-color > renders the variant correctly 2`] = `
CSSStyleDeclaration {
  "0": "font",
  "1": "text-rendering",
  "10": "align-items",
  "11": "cursor",
  "12": "color",
  "13": "padding",
  "14": "border",
  "15": "background-color",
  "16": "box-sizing",
  "17": "border-style",
  "18": "visibility",
  "19": "pointer-events",
  "2": "letter-spacing",
  "20": "border-block-start-color",
  "21": "border-block-end-color",
  "22": "border-inline-start-color",
  "23": "border-inline-end-color",
  "24": "border-top-color",
  "25": "border-right-color",
  "26": "border-bottom-color",
  "27": "border-left-color",
  "28": "caret-color",
  "3": "word-spacing",
  "4": "line-height",
  "5": "text-transform",
  "6": "text-indent",
  "7": "text-shadow",
  "8": "display",
  "9": "text-align",
  "_importants": {
    "align-items": "",
    "background-color": undefined,
    "border": "",
    "border-block-end-color": undefined,
    "border-block-start-color": undefined,
    "border-bottom-color": undefined,
    "border-inline-end-color": undefined,
    "border-inline-start-color": undefined,
    "border-left-color": undefined,
    "border-right-color": undefined,
    "border-style": "",
    "border-top-color": undefined,
    "box-sizing": "",
    "caret-color": undefined,
    "color": undefined,
    "cursor": "",
    "display": "",
    "font": "",
    "letter-spacing": "",
    "line-height": "",
    "outline-color": undefined,
    "padding": "",
    "pointer-events": undefined,
    "text-align": "",
    "text-indent": "",
    "text-rendering": "",
    "text-shadow": "",
    "text-transform": "",
    "visibility": undefined,
    "word-spacing": "",
  },
  "_length": 29,
  "_onChange": undefined,
  "_setInProgress": false,
  "_values": {
    "align-items": "flex-start",
    "background-color": "ButtonFace",
    "border": "2px outset buttonface",
    "border-block-end-color": "ButtonText",
    "border-block-start-color": "ButtonText",
    "border-bottom": "2px outset buttonface",
    "border-bottom-color": "buttonface",
    "border-bottom-style": "inset",
    "border-bottom-width": "2px",
    "border-color": "buttonface",
    "border-inline-end-color": "ButtonText",
    "border-inline-start-color": "ButtonText",
    "border-left": "2px outset buttonface",
    "border-left-color": "buttonface",
    "border-left-style": "inset",
    "border-left-width": "2px",
    "border-right": "2px outset buttonface",
    "border-right-color": "buttonface",
    "border-right-style": "inset",
    "border-right-width": "2px",
    "border-style": "inset",
    "border-top": "2px outset buttonface",
    "border-top-color": "buttonface",
    "border-top-style": "inset",
    "border-top-width": "2px",
    "border-width": "2px",
    "box-sizing": "border-box",
    "caret-color": "auto",
    "color": "ButtonText",
    "cursor": "default",
    "display": "inline-block",
    "font": "-webkit-small-control",
    "font-family": "-webkit-small-control",
    "letter-spacing": "normal",
    "line-height": "normal",
    "padding": "2px 6px 3px 6px",
    "padding-bottom": "3px",
    "padding-left": "6px",
    "padding-right": "6px",
    "padding-top": "2px",
    "pointer-events": "auto",
    "text-align": "center",
    "text-indent": "0",
    "text-rendering": "auto",
    "text-shadow": "none",
    "text-transform": "none",
    "visibility": "visible",
    "word-spacing": "normal",
  },
}
`;

exports[`variant secondary-gray > renders the variant correctly 1`] = `[Function]`;

exports[`variant secondary-gray > renders the variant correctly 2`] = `
CSSStyleDeclaration {
  "0": "font",
  "1": "text-rendering",
  "10": "align-items",
  "11": "cursor",
  "12": "color",
  "13": "padding",
  "14": "border",
  "15": "background-color",
  "16": "box-sizing",
  "17": "border-style",
  "18": "visibility",
  "19": "pointer-events",
  "2": "letter-spacing",
  "20": "border-block-start-color",
  "21": "border-block-end-color",
  "22": "border-inline-start-color",
  "23": "border-inline-end-color",
  "24": "border-top-color",
  "25": "border-right-color",
  "26": "border-bottom-color",
  "27": "border-left-color",
  "28": "caret-color",
  "3": "word-spacing",
  "4": "line-height",
  "5": "text-transform",
  "6": "text-indent",
  "7": "text-shadow",
  "8": "display",
  "9": "text-align",
  "_importants": {
    "align-items": "",
    "background-color": undefined,
    "border": "",
    "border-block-end-color": undefined,
    "border-block-start-color": undefined,
    "border-bottom-color": undefined,
    "border-inline-end-color": undefined,
    "border-inline-start-color": undefined,
    "border-left-color": undefined,
    "border-right-color": undefined,
    "border-style": "",
    "border-top-color": undefined,
    "box-sizing": "",
    "caret-color": undefined,
    "color": undefined,
    "cursor": "",
    "display": "",
    "font": "",
    "letter-spacing": "",
    "line-height": "",
    "outline-color": undefined,
    "padding": "",
    "pointer-events": undefined,
    "text-align": "",
    "text-indent": "",
    "text-rendering": "",
    "text-shadow": "",
    "text-transform": "",
    "visibility": undefined,
    "word-spacing": "",
  },
  "_length": 29,
  "_onChange": undefined,
  "_setInProgress": false,
  "_values": {
    "align-items": "flex-start",
    "background-color": "ButtonFace",
    "border": "2px outset buttonface",
    "border-block-end-color": "ButtonText",
    "border-block-start-color": "ButtonText",
    "border-bottom": "2px outset buttonface",
    "border-bottom-color": "buttonface",
    "border-bottom-style": "inset",
    "border-bottom-width": "2px",
    "border-color": "buttonface",
    "border-inline-end-color": "ButtonText",
    "border-inline-start-color": "ButtonText",
    "border-left": "2px outset buttonface",
    "border-left-color": "buttonface",
    "border-left-style": "inset",
    "border-left-width": "2px",
    "border-right": "2px outset buttonface",
    "border-right-color": "buttonface",
    "border-right-style": "inset",
    "border-right-width": "2px",
    "border-style": "inset",
    "border-top": "2px outset buttonface",
    "border-top-color": "buttonface",
    "border-top-style": "inset",
    "border-top-width": "2px",
    "border-width": "2px",
    "box-sizing": "border-box",
    "caret-color": "auto",
    "color": "ButtonText",
    "cursor": "default",
    "display": "inline-block",
    "font": "-webkit-small-control",
    "font-family": "-webkit-small-control",
    "letter-spacing": "normal",
    "line-height": "normal",
    "padding": "2px 6px 3px 6px",
    "padding-bottom": "3px",
    "padding-left": "6px",
    "padding-right": "6px",
    "padding-top": "2px",
    "pointer-events": "auto",
    "text-align": "center",
    "text-indent": "0",
    "text-rendering": "auto",
    "text-shadow": "none",
    "text-transform": "none",
    "visibility": "visible",
    "word-spacing": "normal",
  },
}
`;

exports[`variant tertiary-color > renders the variant correctly 1`] = `[Function]`;

exports[`variant tertiary-color > renders the variant correctly 2`] = `
CSSStyleDeclaration {
  "0": "font",
  "1": "text-rendering",
  "10": "align-items",
  "11": "cursor",
  "12": "color",
  "13": "padding",
  "14": "border",
  "15": "background-color",
  "16": "box-sizing",
  "17": "border-style",
  "18": "visibility",
  "19": "pointer-events",
  "2": "letter-spacing",
  "20": "border-block-start-color",
  "21": "border-block-end-color",
  "22": "border-inline-start-color",
  "23": "border-inline-end-color",
  "24": "border-top-color",
  "25": "border-right-color",
  "26": "border-bottom-color",
  "27": "border-left-color",
  "28": "caret-color",
  "3": "word-spacing",
  "4": "line-height",
  "5": "text-transform",
  "6": "text-indent",
  "7": "text-shadow",
  "8": "display",
  "9": "text-align",
  "_importants": {
    "align-items": "",
    "background-color": undefined,
    "border": "",
    "border-block-end-color": undefined,
    "border-block-start-color": undefined,
    "border-bottom-color": undefined,
    "border-inline-end-color": undefined,
    "border-inline-start-color": undefined,
    "border-left-color": undefined,
    "border-right-color": undefined,
    "border-style": "",
    "border-top-color": undefined,
    "box-sizing": "",
    "caret-color": undefined,
    "color": undefined,
    "cursor": "",
    "display": "",
    "font": "",
    "letter-spacing": "",
    "line-height": "",
    "outline-color": undefined,
    "padding": "",
    "pointer-events": undefined,
    "text-align": "",
    "text-indent": "",
    "text-rendering": "",
    "text-shadow": "",
    "text-transform": "",
    "visibility": undefined,
    "word-spacing": "",
  },
  "_length": 29,
  "_onChange": undefined,
  "_setInProgress": false,
  "_values": {
    "align-items": "flex-start",
    "background-color": "ButtonFace",
    "border": "2px outset buttonface",
    "border-block-end-color": "ButtonText",
    "border-block-start-color": "ButtonText",
    "border-bottom": "2px outset buttonface",
    "border-bottom-color": "buttonface",
    "border-bottom-style": "inset",
    "border-bottom-width": "2px",
    "border-color": "buttonface",
    "border-inline-end-color": "ButtonText",
    "border-inline-start-color": "ButtonText",
    "border-left": "2px outset buttonface",
    "border-left-color": "buttonface",
    "border-left-style": "inset",
    "border-left-width": "2px",
    "border-right": "2px outset buttonface",
    "border-right-color": "buttonface",
    "border-right-style": "inset",
    "border-right-width": "2px",
    "border-style": "inset",
    "border-top": "2px outset buttonface",
    "border-top-color": "buttonface",
    "border-top-style": "inset",
    "border-top-width": "2px",
    "border-width": "2px",
    "box-sizing": "border-box",
    "caret-color": "auto",
    "color": "ButtonText",
    "cursor": "default",
    "display": "inline-block",
    "font": "-webkit-small-control",
    "font-family": "-webkit-small-control",
    "letter-spacing": "normal",
    "line-height": "normal",
    "padding": "2px 6px 3px 6px",
    "padding-bottom": "3px",
    "padding-left": "6px",
    "padding-right": "6px",
    "padding-top": "2px",
    "pointer-events": "auto",
    "text-align": "center",
    "text-indent": "0",
    "text-rendering": "auto",
    "text-shadow": "none",
    "text-transform": "none",
    "visibility": "visible",
    "word-spacing": "normal",
  },
}
`;

exports[`variant tertiary-gray > renders the variant correctly 1`] = `[Function]`;

exports[`variant tertiary-gray > renders the variant correctly 2`] = `
CSSStyleDeclaration {
  "0": "font",
  "1": "text-rendering",
  "10": "align-items",
  "11": "cursor",
  "12": "color",
  "13": "padding",
  "14": "border",
  "15": "background-color",
  "16": "box-sizing",
  "17": "border-style",
  "18": "visibility",
  "19": "pointer-events",
  "2": "letter-spacing",
  "20": "border-block-start-color",
  "21": "border-block-end-color",
  "22": "border-inline-start-color",
  "23": "border-inline-end-color",
  "24": "border-top-color",
  "25": "border-right-color",
  "26": "border-bottom-color",
  "27": "border-left-color",
  "28": "caret-color",
  "3": "word-spacing",
  "4": "line-height",
  "5": "text-transform",
  "6": "text-indent",
  "7": "text-shadow",
  "8": "display",
  "9": "text-align",
  "_importants": {
    "align-items": "",
    "background-color": undefined,
    "border": "",
    "border-block-end-color": undefined,
    "border-block-start-color": undefined,
    "border-bottom-color": undefined,
    "border-inline-end-color": undefined,
    "border-inline-start-color": undefined,
    "border-left-color": undefined,
    "border-right-color": undefined,
    "border-style": "",
    "border-top-color": undefined,
    "box-sizing": "",
    "caret-color": undefined,
    "color": undefined,
    "cursor": "",
    "display": "",
    "font": "",
    "letter-spacing": "",
    "line-height": "",
    "outline-color": undefined,
    "padding": "",
    "pointer-events": undefined,
    "text-align": "",
    "text-indent": "",
    "text-rendering": "",
    "text-shadow": "",
    "text-transform": "",
    "visibility": undefined,
    "word-spacing": "",
  },
  "_length": 29,
  "_onChange": undefined,
  "_setInProgress": false,
  "_values": {
    "align-items": "flex-start",
    "background-color": "ButtonFace",
    "border": "2px outset buttonface",
    "border-block-end-color": "ButtonText",
    "border-block-start-color": "ButtonText",
    "border-bottom": "2px outset buttonface",
    "border-bottom-color": "buttonface",
    "border-bottom-style": "inset",
    "border-bottom-width": "2px",
    "border-color": "buttonface",
    "border-inline-end-color": "ButtonText",
    "border-inline-start-color": "ButtonText",
    "border-left": "2px outset buttonface",
    "border-left-color": "buttonface",
    "border-left-style": "inset",
    "border-left-width": "2px",
    "border-right": "2px outset buttonface",
    "border-right-color": "buttonface",
    "border-right-style": "inset",
    "border-right-width": "2px",
    "border-style": "inset",
    "border-top": "2px outset buttonface",
    "border-top-color": "buttonface",
    "border-top-style": "inset",
    "border-top-width": "2px",
    "border-width": "2px",
    "box-sizing": "border-box",
    "caret-color": "auto",
    "color": "ButtonText",
    "cursor": "default",
    "display": "inline-block",
    "font": "-webkit-small-control",
    "font-family": "-webkit-small-control",
    "letter-spacing": "normal",
    "line-height": "normal",
    "padding": "2px 6px 3px 6px",
    "padding-bottom": "3px",
    "padding-left": "6px",
    "padding-right": "6px",
    "padding-top": "2px",
    "pointer-events": "auto",
    "text-align": "center",
    "text-indent": "0",
    "text-rendering": "auto",
    "text-shadow": "none",
    "text-transform": "none",
    "visibility": "visible",
    "word-spacing": "normal",
  },
}
`;
